I"ъ<p>기존 포스트 까지는 orderer의 타입을 <code class="language-plaintext highlighter-rouge">solo</code>로와 <code class="language-plaintext highlighter-rouge">kafka</code> 놓고 진행했습니다. 이번 포스트에서는 <code class="language-plaintext highlighter-rouge">raft</code>를 이용해서 만들어 보겠습니다.</p>

<p><code class="language-plaintext highlighter-rouge">fabric-samples</code>에서 제공하는 RAFT 모드는 <code class="language-plaintext highlighter-rouge">orderer</code> 5개로 이루어져 있습니다.</p>

<p>그래서 서로</p>

<h1 id="settings">Settings</h1>

<p><code class="language-plaintext highlighter-rouge">Setting</code> 부분은 <a href="/blog/fabricnetwork1">Hyperledger Fabric Network 구성 -1-</a> 부분과 동일하니 똑같이 진행하시면 됩니다.</p>

<p><code class="language-plaintext highlighter-rouge">HandOn</code> 부분부터 다릅니다.</p>

<h1 id="handson">HandsOn</h1>

<p>여기서 부터는 <code class="language-plaintext highlighter-rouge">byfn.sh</code> 내부를 들어가서 하나하나 명령어를 치면서 따라가셔도 되고 <a href="https://hyperledger-fabric.readthedocs.io/en/release-1.4/build_network.html">Glossary</a> 문서를 따라가셔도 똑같습니다.</p>

<p>먼저 빈 파일을 만들어보겠습니다.</p>

<div class="language-plaintext highlighter-rouge"><div class="highlight"><pre class="highlight"><code>$ mkdir has3ong
$ cd has3ong
$ ls
</code></pre></div></div>

<p>그리고 이 파일에 필요한 파일들을 복사하겠습니다.</p>

<p><code class="language-plaintext highlighter-rouge">bin</code>, <code class="language-plaintext highlighter-rouge">base</code>, <code class="language-plaintext highlighter-rouge">chaincode</code>, <code class="language-plaintext highlighter-rouge">configtx.yaml</code>, <code class="language-plaintext highlighter-rouge">crypto-config.yaml</code>, <code class="language-plaintext highlighter-rouge">docker-compose-cli.yaml</code>, <code class="language-plaintext highlighter-rouge">docker-compose-etcdraft2.yaml</code> 입니다.</p>

<div class="language-plaintext highlighter-rouge"><div class="highlight"><pre class="highlight"><code>$ sudo cp -r ../fabric-samples/bin .
$ sudo cp -r ../fabric-samples/first-network/base .
$ sudo cp -r ../fabric-samples/first-network/configtx.yaml .
$ sudo cp -r ../fabric-samples/first-network/crypto-config.yaml .
$ sudo cp -r ../fabric-samples/first-network/docker-compose-cli.yaml .
$ sudo cp -r ../fabric-samples/first-network/docker-compose-etcdraft2.yaml .
$ sudo cp -r ../fabric-samples/chaincode .
$ mkdir channel-artifacts
</code></pre></div></div>

<p>파일을 다 옮기고 나면 현재와 같은 상태가 만들어집니다.</p>

<div class="language-plaintext highlighter-rouge"><div class="highlight"><pre class="highlight"><code>$ ls
base  bin  chaincode  channel-artifacts  configtx.yaml  crypto-config.yaml  docker-compose-cli.yaml  docker-compose-etcdraft2.yaml
</code></pre></div></div>

<h3 id="manually-generate-the-artifacts">Manually generate the artifacts</h3>

<p>첫 번째로 <code class="language-plaintext highlighter-rouge">cryptogen</code> 파일을 이용하여 인증서 파일을 만들어 줍니다. 인증서 파일들은 <code class="language-plaintext highlighter-rouge">crypto-config.yaml</code>을 확인해보시면 이해가 되실겁니다.</p>

<p>전부 하나하나 뜯어보기에는 포스트의 양이 많아지기 때문에 추후에 정리해드리겠습니다.</p>

<div class="language-plaintext highlighter-rouge"><div class="highlight"><pre class="highlight"><code>$ ./bin/cryptogen generate --config=./crypto-config.yaml

org1.example.com
org2.example.com
</code></pre></div></div>

<p>다음 <code class="language-plaintext highlighter-rouge">FABRIC_CFG_PATH</code>를 현재 디렉토리로 설정합니다.</p>

<div class="language-plaintext highlighter-rouge"><div class="highlight"><pre class="highlight"><code>$ export FABRIC_CFG_PATH=$PWD
</code></pre></div></div>

<p>그다음 우리가 사용할 Fabric 네트워크에 <code class="language-plaintext highlighter-rouge">profile</code> 즉, orderer type(?) 을 설정합니다. <code class="language-plaintext highlighter-rouge">fabric-samples</code> 에서 제공하는 종류로는 <code class="language-plaintext highlighter-rouge">Solo</code>, <code class="language-plaintext highlighter-rouge">RAFT</code>, <code class="language-plaintext highlighter-rouge">Kafka</code> 3가지가 있는데 지금은 <code class="language-plaintext highlighter-rouge">RAFT</code>로 사용하겠습니다.</p>

<p>RAFT</p>

<div class="language-plaintext highlighter-rouge"><div class="highlight"><pre class="highlight"><code>$ ./bin/configtxgen -profile SampleMultiNodeEtcdRaft -channelID byfn-sys-channel -outputBlock ./channel-artifacts/genesis.block

2019-10-22 20:19:45.363 UTC [common.tools.configtxgen] main -&gt; INFO 001 Loading configuration
2019-10-22 20:19:45.421 UTC [common.tools.configtxgen.localconfig] completeInitialization -&gt; INFO 002 orderer type: etcdraft
2019-10-22 20:19:45.421 UTC [common.tools.configtxgen.localconfig] completeInitialization -&gt; INFO 003 Orderer.EtcdRaft.Options unset, setting to tick_interval:"500ms" election_tick:10 heartbeat_tick:1 max_inflight_blocks:5 snapshot_interval_size:20971520
2019-10-22 20:19:45.421 UTC [common.tools.configtxgen.localconfig] Load -&gt; INFO 004 Loaded configuration: /home/vagrant/has3ong/configtx.yaml
2019-10-22 20:19:45.473 UTC [common.tools.configtxgen.localconfig] completeInitialization -&gt; INFO 005 orderer type: solo
2019-10-22 20:19:45.473 UTC [common.tools.configtxgen.localconfig] LoadTopLevel -&gt; INFO 006 Loaded configuration: /home/vagrant/has3ong/configtx.yaml
2019-10-22 20:19:45.475 UTC [common.tools.configtxgen] doOutputBlock -&gt; INFO 007 Generating genesis block
2019-10-22 20:19:45.475 UTC [common.tools.configtxgen] doOutputBlock -&gt; INFO 008 Writing genesis block
</code></pre></div></div>

<h3 id="create-a-channel-configuration-transaction">Create a Channel Configuration Transaction</h3>

<p><code class="language-plaintext highlighter-rouge">channel.tx</code>파일을 만들어 주어야 합니다. <code class="language-plaintext highlighter-rouge">channel.tx</code>에는 현재 우리가 구현할 채널의 정책이나 조직의 정보가 담겨져 있다고 생각하면 됩니다.</p>

<p>그리고, 각각의 Org에 올라갈 <code class="language-plaintext highlighter-rouge">AnchorPeer</code>를 설정합니다. 이 모두에 대한 정보는 <code class="language-plaintext highlighter-rouge">configtx.yaml</code>에서 확인할 수 있습니다.</p>

<div class="language-plaintext highlighter-rouge"><div class="highlight"><pre class="highlight"><code>$ export CHANNEL_NAME=mychannel  &amp;&amp; ./bin/configtxgen -profile TwoOrgsChannel -outputCreateChannelTx ./channel-artifacts/channel.tx -channelID $CHANNEL_NAME

2019-10-22 20:20:03.636 UTC [common.tools.configtxgen] main -&gt; INFO 001 Loading configuration
2019-10-22 20:20:03.697 UTC [common.tools.configtxgen.localconfig] Load -&gt; INFO 002 Loaded configuration: /home/vagrant/has3ong/configtx.yaml
2019-10-22 20:20:03.747 UTC [common.tools.configtxgen.localconfig] completeInitialization -&gt; INFO 003 orderer type: solo
2019-10-22 20:20:03.747 UTC [common.tools.configtxgen.localconfig] LoadTopLevel -&gt; INFO 004 Loaded configuration: /home/vagrant/has3ong/configtx.yaml
2019-10-22 20:20:03.747 UTC [common.tools.configtxgen] doOutputChannelCreateTx -&gt; INFO 005 Generating new channel configtx
2019-10-22 20:20:03.749 UTC [common.tools.configtxgen] doOutputChannelCreateTx -&gt; INFO 006 Writing new channel tx

$ ./bin/configtxgen -profile TwoOrgsChannel -outputAnchorPeersUpdate ./channel-artifacts/Org1MSPanchors.tx -channelID $CHANNEL_NAME -asOrg Org1MSP

2019-10-22 20:20:16.260 UTC [common.tools.configtxgen] main -&gt; INFO 001 Loading configuration
2019-10-22 20:20:16.326 UTC [common.tools.configtxgen.localconfig] Load -&gt; INFO 002 Loaded configuration: /home/vagrant/has3ong/configtx.yaml
2019-10-22 20:20:16.392 UTC [common.tools.configtxgen.localconfig] completeInitialization -&gt; INFO 003 orderer type: solo
2019-10-22 20:20:16.392 UTC [common.tools.configtxgen.localconfig] LoadTopLevel -&gt; INFO 004 Loaded configuration: /home/vagrant/has3ong/configtx.yaml
2019-10-22 20:20:16.393 UTC [common.tools.configtxgen] doOutputAnchorPeersUpdate -&gt; INFO 005 Generating anchor peer update
2019-10-22 20:20:16.393 UTC [common.tools.configtxgen] doOutputAnchorPeersUpdate -&gt; INFO 006 Writing anchor peer update


$ ./bin/configtxgen -profile TwoOrgsChannel -outputAnchorPeersUpdate ./channel-artifacts/Org2MSPanchors.tx -channelID $CHANNEL_NAME -asOrg Org2MSP

2019-10-22 20:20:28.067 UTC [common.tools.configtxgen] main -&gt; INFO 001 Loading configuration
2019-10-22 20:20:28.125 UTC [common.tools.configtxgen.localconfig] Load -&gt; INFO 002 Loaded configuration: /home/vagrant/has3ong/configtx.yaml
2019-10-22 20:20:28.180 UTC [common.tools.configtxgen.localconfig] completeInitialization -&gt; INFO 003 orderer type: solo
2019-10-22 20:20:28.181 UTC [common.tools.configtxgen.localconfig] LoadTopLevel -&gt; INFO 004 Loaded configuration: /home/vagrant/has3ong/configtx.yaml
2019-10-22 20:20:28.181 UTC [common.tools.configtxgen] doOutputAnchorPeersUpdate -&gt; INFO 005 Generating anchor peer update
2019-10-22 20:20:28.181 UTC [common.tools.configtxgen] doOutputAnchorPeersUpdate -&gt; INFO 006 Writing anchor peer update
</code></pre></div></div>

<p>여기 까지의 과정이 <code class="language-plaintext highlighter-rouge">byfn.sh</code>에서의 <code class="language-plaintext highlighter-rouge">generate</code>입니다.</p>

<h3 id="start-the-network">Start the network</h3>

<p>이제 초기 설정은 끝났으니 네트워크를 시작해보겠습니다. <code class="language-plaintext highlighter-rouge">docker-compose-cli.yaml</code>과 <code class="language-plaintext highlighter-rouge">docker-compose-etcdraft2</code> 파일을 이용하여 도커 위에 올려줍니다.</p>

<p>마지막 -d 파라메터를 넣어주면 컨테이너의 로그가 안뜨고 백그라운드로 진행이 됩니다. 저는 <code class="language-plaintext highlighter-rouge">orderer</code>, <code class="language-plaintext highlighter-rouge">peer</code>들의 로그도 같이 보면서 진행할 예정이니 빼서 진행하겠습니다.</p>

<div class="language-plaintext highlighter-rouge"><div class="highlight"><pre class="highlight"><code>$ export IMAGE_TAG="latest"
$ export SYS_CHANNEL="byfn-sys-channel"
$ export COMPOSE_PROJECT_NAME=fabric

docker-compose -f docker-compose-cli.yaml up -d

Creating network "fabric_byfn" with the default driver
Creating volume "fabric_orderer.example.com" with default driver
Creating volume "fabric_peer0.org1.example.com" with default driver
Creating volume "fabric_peer1.org1.example.com" with default driver
Creating volume "fabric_peer0.org2.example.com" with default driver
Creating volume "fabric_peer1.org2.example.com" with default driver
Creating volume "fabric_orderer2.example.com" with default driver
Creating volume "fabric_orderer3.example.com" with default driver
Creating volume "fabric_orderer4.example.com" with default driver
Creating volume "fabric_orderer5.example.com" with default driver
Creating orderer.example.com    ... done
Creating orderer5.example.com   ... done
Creating peer0.org1.example.com ... done
Creating orderer3.example.com   ... done
Creating orderer4.example.com   ... done
Creating peer1.org1.example.com ... done
Creating peer0.org2.example.com ... done
Creating orderer2.example.com   ... done
Creating peer1.org2.example.com ... done
Creating cli                    ... done
</code></pre></div></div>

<p>했을시 엄청나게 많은 로그가 나오는데요 이건 <a href="/blog/fabricnetwork4-log">여기</a>서 확인할 수 있습니다. 엄청 길어서 따로 포스트 했습니다.</p>

<p>현재 docker 컨테이너의 목록입니다. <code class="language-plaintext highlighter-rouge">orderer</code>가 5개가 올라가있으면 정확하게 된것입니다.</p>

<div class="language-plaintext highlighter-rouge"><div class="highlight"><pre class="highlight"><code>$ docker ps

CONTAINER ID        IMAGE                               COMMAND             CREATED             STATUS              PORTS                      NAMES
b7ec0f79b52c        hyperledger/fabric-tools:latest     "/bin/bash"         15 seconds ago      Up 14 seconds                                  cli
d7e50c6331b3        hyperledger/fabric-orderer:latest   "orderer"           19 seconds ago      Up 17 seconds       0.0.0.0:8050-&gt;7050/tcp     orderer2.example.com
69f4e90a56ff        hyperledger/fabric-peer:latest      "peer node start"   20 seconds ago      Up 16 seconds       0.0.0.0:10051-&gt;10051/tcp   peer1.org2.example.com
14d53d5f174c        hyperledger/fabric-peer:latest      "peer node start"   20 seconds ago      Up 15 seconds       0.0.0.0:9051-&gt;9051/tcp     peer0.org2.example.com
8b8940e514a0        hyperledger/fabric-peer:latest      "peer node start"   20 seconds ago      Up 17 seconds       0.0.0.0:7051-&gt;7051/tcp     peer0.org1.example.com
a085431154c1        hyperledger/fabric-peer:latest      "peer node start"   20 seconds ago      Up 17 seconds       0.0.0.0:8051-&gt;8051/tcp     peer1.org1.example.com
73bb5a1ae4bb        hyperledger/fabric-orderer:latest   "orderer"           20 seconds ago      Up 17 seconds       0.0.0.0:10050-&gt;7050/tcp    orderer4.example.com
3648ca9b41ec        hyperledger/fabric-orderer:latest   "orderer"           20 seconds ago      Up 17 seconds       0.0.0.0:9050-&gt;7050/tcp     orderer3.example.com
1354f1e8c27b        hyperledger/fabric-orderer:latest   "orderer"           20 seconds ago      Up 18 seconds       0.0.0.0:11050-&gt;7050/tcp    orderer5.example.com
0df26153906b        hyperledger/fabric-orderer:latest   "orderer"           20 seconds ago      Up 16 seconds       0.0.0.0:7050-&gt;7050/tcp     orderer.example.com
</code></pre></div></div>

<p>peer 들에게 명령을 내리기전에 <code class="language-plaintext highlighter-rouge">RAFT</code>의 중요한 특징을 적고 넘어가겠습니다.</p>

<p>바로 5개의 <code class="language-plaintext highlighter-rouge">orderer</code>들간의 리더선출을 하게됩니다. 그리고 리더가 고장이 났을시서로 통신을 하는데 이때 <code class="language-plaintext highlighter-rouge">HeartBeat</code>라는 메세지를 보내 체크합니다. 그 후 살아있는 <code class="language-plaintext highlighter-rouge">orderer</code>들간에 리더선출을 하게 됩니다.</p>

<p><img src="https://user-images.githubusercontent.com/44635266/67331709-11bcef80-f559-11e9-929b-080278f343e2.png" alt="스크린샷 2019-10-23 오전 5 29 04" /></p>

<p>위 사진을 보면 아래 로그 메세지를 통해 현재 리더가 <code class="language-plaintext highlighter-rouge">orderer5.example.com</code>이란걸 알 수 있습니다.</p>

<div class="language-plaintext highlighter-rouge"><div class="highlight"><pre class="highlight"><code>2019-10-22 20:22:08.906 UTC [orderer.consensus.etcdraft] serveRequest -&gt; INFO 027 Raft leader changed: 0 -&gt; 5 channel=byfn-sys-channel node=1
</code></pre></div></div>

<p>한 번 리더를 정지시켜보겠습니다.</p>

<p>리더가 5 -&gt; 0, 0 -&gt; 3 최종적으로 <code class="language-plaintext highlighter-rouge">orderer3.example.com</code>이 리더가 됐다고 하네요. 사진을 못찍어서 로그를 올려드리겠습니다.</p>

<div class="language-plaintext highlighter-rouge"><div class="highlight"><pre class="highlight"><code>2019-10-22 20:44:45.613 UTC [orderer.consensus.etcdraft] Step -&gt; INFO 02c 1 [logterm: 2, index: 6, vote: 5] cast MsgPreVote for 3 [logterm: 2, index: 6] at term 2 channel=byfn-sys-channel node=1
2019-10-22 20:44:45.624 UTC [orderer.consensus.etcdraft] Step -&gt; INFO 02d 1 [term: 2] received a MsgVote message with higher term from 3 [term: 3] channel=byfn-sys-channel node=1
2019-10-22 20:44:45.624 UTC [orderer.consensus.etcdraft] becomeFollower -&gt; INFO 02e 1 became follower at term 3 channel=byfn-sys-channel node=1
2019-10-22 20:44:45.624 UTC [orderer.consensus.etcdraft] Step -&gt; INFO 02f 1 [logterm: 2, index: 6, vote: 0] cast MsgVote for 3 [logterm: 2, index: 6] at term 3 channel=byfn-sys-channel node=1
2019-10-22 20:44:45.625 UTC [orderer.consensus.etcdraft] run -&gt; INFO 030 raft.node: 1 lost leader 5 at term 3 channel=byfn-sys-channel node=1
2019-10-22 20:44:45.626 UTC [orderer.consensus.etcdraft] serveRequest -&gt; INFO 031 Raft leader changed: 5 -&gt; 0 channel=byfn-sys-channel node=1
2019-10-22 20:44:45.635 UTC [orderer.consensus.etcdraft] run -&gt; INFO 032 raft.node: 1 elected leader 3 at term 3 channel=byfn-sys-channel node=1
2019-10-22 20:44:45.636 UTC [orderer.consensus.etcdraft] serveRequest -&gt; INFO 033 Raft leader changed: 0 -&gt; 3 channel=byfn-sys-channel node=1
</code></pre></div></div>

<p>그럼 <code class="language-plaintext highlighter-rouge">orderer3.example.com</code>에서는 무슨일이 벌어졌는지 확인해보겠습니다.</p>

<div class="language-plaintext highlighter-rouge"><div class="highlight"><pre class="highlight"><code>2019-10-22 20:44:45.605 UTC [orderer.consensus.etcdraft] Step -&gt; INFO 02c 3 is starting a new election at term 2 channel=byfn-sys-channel node=3
2019-10-22 20:44:45.605 UTC [orderer.consensus.etcdraft] becomePreCandidate -&gt; INFO 02d 3 became pre-candidate at term 2 channel=byfn-sys-channel node=3
2019-10-22 20:44:45.605 UTC [orderer.consensus.etcdraft] poll -&gt; INFO 02e 3 received MsgPreVoteResp from 3 at term 2 channel=byfn-sys-channel node=3
2019-10-22 20:44:45.605 UTC [orderer.consensus.etcdraft] campaign -&gt; INFO 02f 3 [logterm: 2, index: 6] sent MsgPreVote request to 2 at term 2 channel=byfn-sys-channel node=3
2019-10-22 20:44:45.605 UTC [orderer.consensus.etcdraft] campaign -&gt; INFO 030 3 [logterm: 2, index: 6] sent MsgPreVote request to 4 at term 2 channel=byfn-sys-channel node=3
2019-10-22 20:44:45.605 UTC [orderer.consensus.etcdraft] campaign -&gt; INFO 031 3 [logterm: 2, index: 6] sent MsgPreVote request to 5 at term 2 channel=byfn-sys-channel node=3
2019-10-22 20:44:45.605 UTC [orderer.consensus.etcdraft] campaign -&gt; INFO 032 3 [logterm: 2, index: 6] sent MsgPreVote request to 1 at term 2 channel=byfn-sys-channel node=3
2019-10-22 20:44:45.605 UTC [orderer.consensus.etcdraft] run -&gt; INFO 033 raft.node: 3 lost leader 5 at term 2 channel=byfn-sys-channel node=3
2019-10-22 20:44:45.606 UTC [orderer.consensus.etcdraft] serveRequest -&gt; INFO 034 Raft leader changed: 5 -&gt; 0 channel=byfn-sys-channel node=3
2019-10-22 20:44:45.616 UTC [orderer.consensus.etcdraft] poll -&gt; INFO 035 3 received MsgPreVoteResp from 2 at term 2 channel=byfn-sys-channel node=3
2019-10-22 20:44:45.616 UTC [orderer.consensus.etcdraft] stepCandidate -&gt; INFO 036 3 [quorum:3] has received 2 MsgPreVoteResp votes and 0 vote rejections channel=byfn-sys-channel node=3
2019-10-22 20:44:45.619 UTC [orderer.consensus.etcdraft] poll -&gt; INFO 037 3 received MsgPreVoteResp from 1 at term 2 channel=byfn-sys-channel node=3
2019-10-22 20:44:45.619 UTC [orderer.consensus.etcdraft] stepCandidate -&gt; INFO 038 3 [quorum:3] has received 3 MsgPreVoteResp votes and 0 vote rejections channel=byfn-sys-channel node=3
2019-10-22 20:44:45.619 UTC [orderer.consensus.etcdraft] becomeCandidate -&gt; INFO 039 3 became candidate at term 3 channel=byfn-sys-channel node=3
2019-10-22 20:44:45.619 UTC [orderer.consensus.etcdraft] poll -&gt; INFO 03a 3 received MsgVoteResp from 3 at term 3 channel=byfn-sys-channel node=3
2019-10-22 20:44:45.619 UTC [orderer.consensus.etcdraft] campaign -&gt; INFO 03b 3 [logterm: 2, index: 6] sent MsgVote request to 2 at term 3 channel=byfn-sys-channel node=3
2019-10-22 20:44:45.621 UTC [orderer.consensus.etcdraft] campaign -&gt; INFO 03c 3 [logterm: 2, index: 6] sent MsgVote request to 4 at term 3 channel=byfn-sys-channel node=3
2019-10-22 20:44:45.621 UTC [orderer.consensus.etcdraft] campaign -&gt; INFO 03d 3 [logterm: 2, index: 6] sent MsgVote request to 5 at term 3 channel=byfn-sys-channel node=3
2019-10-22 20:44:45.622 UTC [orderer.consensus.etcdraft] campaign -&gt; INFO 03e 3 [logterm: 2, index: 6] sent MsgVote request to 1 at term 3 channel=byfn-sys-channel node=3
2019-10-22 20:44:45.623 UTC [orderer.consensus.etcdraft] logSendFailure -&gt; ERRO 03f Failed to send StepRequest to 5, because: aborted channel=byfn-sys-channel node=3
2019-10-22 20:44:45.630 UTC [orderer.consensus.etcdraft] poll -&gt; INFO 040 3 received MsgVoteResp from 2 at term 3 channel=byfn-sys-channel node=3
2019-10-22 20:44:45.631 UTC [orderer.consensus.etcdraft] stepCandidate -&gt; INFO 041 3 [quorum:3] has received 2 MsgVoteResp votes and 0 vote rejections channel=byfn-sys-channel node=3
2019-10-22 20:44:45.632 UTC [orderer.consensus.etcdraft] poll -&gt; INFO 042 3 received MsgVoteResp from 1 at term 3 channel=byfn-sys-channel node=3
2019-10-22 20:44:45.632 UTC [orderer.consensus.etcdraft] stepCandidate -&gt; INFO 043 3 [quorum:3] has received 3 MsgVoteResp votes and 0 vote rejections channel=byfn-sys-channel node=3
2019-10-22 20:44:45.632 UTC [orderer.consensus.etcdraft] becomeLeader -&gt; INFO 044 3 became leader at term 3 channel=byfn-sys-channel node=3
2019-10-22 20:44:45.632 UTC [orderer.consensus.etcdraft] run -&gt; INFO 045 raft.node: 3 elected leader 3 at term 3 channel=byfn-sys-channel node=3
2019-10-22 20:44:45.634 UTC [orderer.consensus.etcdraft] serveRequest -&gt; INFO 046 Raft leader changed: 0 -&gt; 3 channel=byfn-sys-channel node=3
2019-10-22 20:44:45.638 UTC [orderer.consensus.etcdraft] serveRequest -&gt; INFO 047 Start accepting requests as Raft leader at block [0] channel=byfn-sys-channel node=3
</code></pre></div></div>

<p><code class="language-plaintext highlighter-rouge">orderer3.example.com</code>에서 리더를 선출하는거 같습니다. 제가 여러번 시도해 봤는데 항상 달라졌습니다.</p>

<p>로그를 확인해보면 0번 즉, 어떤 <code class="language-plaintext highlighter-rouge">orderer</code>도 리더가 아닌 상태로 셋팅합니다. 그 후 각각의 <code class="language-plaintext highlighter-rouge">orderer</code>로 부터 <code class="language-plaintext highlighter-rouge">MsgPreVoteResp</code>라는 투표 메세지를 받고 3번 <code class="language-plaintext highlighter-rouge">orderer</code>로 바뀌는거같습니다. 계속해서 리더를 정지시켜볼게요.</p>

<p><img src="https://user-images.githubusercontent.com/44635266/67331710-11bcef80-f559-11e9-8b0b-7c088648f56d.png" alt="스크린샷 2019-10-23 오전 5 48 04" /></p>

<p>이번엔 <code class="language-plaintext highlighter-rouge">orderer.example.com</code>이 리더로 선출되었습니다. 계속해서 리더를 정지시켜볼게요.</p>

<p><img src="https://user-images.githubusercontent.com/44635266/67331712-11bcef80-f559-11e9-890e-0794a32969cf.png" alt="스크린샷 2019-10-23 오전 5 49 11" /></p>

<p>3번째 <code class="language-plaintext highlighter-rouge">orderer</code>를 정지시킨 순간부터 리더 선출을 하지 못하게 되었습니다. <code class="language-plaintext highlighter-rouge">RAFT</code>도 과반수 이하가 에러가 발생하면 리더 선출이 안됩니다.</p>

<p>그래서 <code class="language-plaintext highlighter-rouge">orderer</code>하나를 살려봤는데 리더를 정상적으로 선출했습니다.</p>

<p><img src="https://user-images.githubusercontent.com/44635266/67331713-11bcef80-f559-11e9-96e8-6407272093e3.png" alt="스크린샷 2019-10-23 오전 5 49 41" /></p>

<p><code class="language-plaintext highlighter-rouge">raft</code>에 대한 특징은 여기까지 하고 <code class="language-plaintext highlighter-rouge">cli</code> 컨테이너에 들어가서 피어들에게 명령을 주겠습니다.</p>

<div class="language-plaintext highlighter-rouge"><div class="highlight"><pre class="highlight"><code>docker exec -it cli bash

root@0d78bb69300d:/opt/gopath/src/github.com/hyperledger/fabric/peer#
</code></pre></div></div>

<h3 id="create--join-channel">Create &amp; Join Channel</h3>

<div class="language-plaintext highlighter-rouge"><div class="highlight"><pre class="highlight"><code>CORE_PEER_MSPCONFIGPATH=/opt/gopath/src/github.com/hyperledger/fabric/peer/crypto/peerOrganizations/org1.example.com/users/Admin@org1.example.com/msp
CORE_PEER_ADDRESS=peer0.org1.example.com:7051
CORE_PEER_LOCALMSPID="Org1MSP"
CORE_PEER_TLS_ROOTCERT_FILE=/opt/gopath/src/github.com/hyperledger/fabric/peer/crypto/peerOrganizations/org1.example.com/peers/peer0.org1.example.com/tls/ca.crt

export CHANNEL_NAME=mychannel
export ORDERER_CA=/opt/gopath/src/github.com/hyperledger/fabric/peer/crypto/ordererOrganizations/example.com/orderers/orderer.example.com/msp/tlscacerts/tlsca.example.com-cert.pem

$ peer channel create -o orderer.example.com:7050 -c $CHANNEL_NAME -f ./channel-artifacts/channel.tx --tls --cafile $ORDERER_CA

2019-10-22 20:57:30.512 UTC [channelCmd] InitCmdFactory -&gt; INFO 001 Endorser and orderer connections initialized
2019-10-22 20:57:30.583 UTC [cli.common] readBlock -&gt; INFO 002 Got status: &amp;{NOT_FOUND}
2019-10-22 20:57:30.610 UTC [channelCmd] InitCmdFactory -&gt; INFO 003 Endorser and orderer connections initialized
2019-10-22 20:57:30.812 UTC [cli.common] readBlock -&gt; INFO 004 Got status: &amp;{SERVICE_UNAVAILABLE}
2019-10-22 20:57:30.816 UTC [channelCmd] InitCmdFactory -&gt; INFO 005 Endorser and orderer connections initialized
2019-10-22 20:57:31.018 UTC [cli.common] readBlock -&gt; INFO 006 Got status: &amp;{SERVICE_UNAVAILABLE}
2019-10-22 20:57:31.022 UTC [channelCmd] InitCmdFactory -&gt; INFO 007 Endorser and orderer connections initialized
2019-10-22 20:57:31.223 UTC [cli.common] readBlock -&gt; INFO 008 Got status: &amp;{SERVICE_UNAVAILABLE}
2019-10-22 20:57:31.227 UTC [channelCmd] InitCmdFactory -&gt; INFO 009 Endorser and orderer connections initialized
2019-10-22 20:57:31.430 UTC [cli.common] readBlock -&gt; INFO 00a Got status: &amp;{SERVICE_UNAVAILABLE}
2019-10-22 20:57:31.433 UTC [channelCmd] InitCmdFactory -&gt; INFO 00b Endorser and orderer connections initialized
2019-10-22 20:57:31.634 UTC [cli.common] readBlock -&gt; INFO 00c Got status: &amp;{SERVICE_UNAVAILABLE}
2019-10-22 20:57:31.658 UTC [channelCmd] InitCmdFactory -&gt; INFO 00d Endorser and orderer connections initialized
2019-10-22 20:57:31.860 UTC [cli.common] readBlock -&gt; INFO 00e Received block: 0

$ peer channel join -b mychannel.block

2019-10-22 20:58:29.845 UTC [channelCmd] InitCmdFactory -&gt; INFO 001 Endorser and orderer connections initialized
2019-10-22 20:58:29.870 UTC [channelCmd] executeJoin -&gt; INFO 002 Successfully submitted proposal to join channel

$ CORE_PEER_ADDRESS=peer1.org1.example.com:8051 \
peer channel join -b mychannel.block

2019-10-22 20:58:36.796 UTC [channelCmd] InitCmdFactory -&gt; INFO 001 Endorser and orderer connections initialized
2019-10-22 20:58:36.822 UTC [channelCmd] executeJoin -&gt; INFO 002 Successfully submitted proposal to join channel

$ CORE_PEER_ADDRESS=peer0.org2.example.com:9051 \
CORE_PEER_LOCALMSPID="Org2MSP" \
CORE_PEER_MSPCONFIGPATH=/opt/gopath/src/github.com/hyperledger/fabric/peer/crypto/peerOrganizations/org2.example.com/users/Admin@org2.example.com/msp \
CORE_PEER_TLS_ROOTCERT_FILE=/opt/gopath/src/github.com/hyperledger/fabric/peer/crypto/peerOrganizations/org2.example.com/peers/peer0.org2.example.com/tls/ca.crt \
peer channel join -b mychannel.block

2019-10-22 20:58:41.443 UTC [channelCmd] InitCmdFactory -&gt; INFO 001 Endorser and orderer connections initialized
2019-10-22 20:58:41.464 UTC [channelCmd] executeJoin -&gt; INFO 002 Successfully submitted proposal to join channel

$ CORE_PEER_ADDRESS=peer1.org2.example.com:10051 \
CORE_PEER_LOCALMSPID="Org2MSP" \
CORE_PEER_MSPCONFIGPATH=/opt/gopath/src/github.com/hyperledger/fabric/peer/crypto/peerOrganizations/org2.example.com/users/Admin@org2.example.com/msp \
CORE_PEER_TLS_ROOTCERT_FILE=/opt/gopath/src/github.com/hyperledger/fabric/peer/crypto/peerOrganizations/org2.example.com/peers/peer1.org2.example.com/tls/ca.crt \
peer channel join -b mychannel.block

2019-10-22 20:58:45.319 UTC [channelCmd] InitCmdFactory -&gt; INFO 001 Endorser and orderer connections initialized
2019-10-22 20:58:45.347 UTC [channelCmd] executeJoin -&gt; INFO 002 Successfully submitted proposal to join channel
</code></pre></div></div>

<h3 id="update-anchor-peer">Update Anchor Peer</h3>

<div class="language-plaintext highlighter-rouge"><div class="highlight"><pre class="highlight"><code>$ peer channel update -o orderer.example.com:7050 -c $CHANNEL_NAME -f ./channel-artifacts/Org1MSPanchors.tx --tls --cafile $ORDERER_CA

2019-10-22 20:58:49.024 UTC [channelCmd] InitCmdFactory -&gt; INFO 001 Endorser and orderer connections initialized
2019-10-22 20:58:49.035 UTC [channelCmd] update -&gt; INFO 002 Successfully submitted channel update

$ CORE_PEER_MSPCONFIGPATH=/opt/gopath/src/github.com/hyperledger/fabric/peer/crypto/peerOrganizations/org2.example.com/users/Admin@org2.example.com/msp \
CORE_PEER_ADDRESS=peer0.org2.example.com:9051 \
CORE_PEER_LOCALMSPID="Org2MSP" \
CORE_PEER_TLS_ROOTCERT_FILE=/opt/gopath/src/github.com/hyperledger/fabric/peer/crypto/peerOrganizations/org2.example.com/peers/peer0.org2.example.com/tls/ca.crt \
peer channel update -o orderer.example.com:7050 -c $CHANNEL_NAME -f ./channel-artifacts/Org2MSPanchors.tx --tls --cafile $ORDERER_CA

2019-10-22 20:59:16.262 UTC [channelCmd] InitCmdFactory -&gt; INFO 001 Endorser and orderer connections initialized
2019-10-22 20:59:16.273 UTC [channelCmd] update -&gt; INFO 002 Successfully submitted channel update
</code></pre></div></div>

<blockquote>
  <p>Orderer Log</p>
</blockquote>

<p><img src="https://user-images.githubusercontent.com/44635266/67332970-be4ba100-f55a-11e9-8559-86c4719c82de.png" alt="스크린샷 2019-10-23 오전 6 00 36" /></p>

<h3 id="install-chaincode">Install Chaincode</h3>

<div class="language-plaintext highlighter-rouge"><div class="highlight"><pre class="highlight"><code>$ peer chaincode install -n mycc -v 1.0 -p github.com/chaincode/chaincode_example02/go/

2019-10-22 21:00:43.398 UTC [chaincodeCmd] checkChaincodeCmdParams -&gt; INFO 001 Using default escc
2019-10-22 21:00:43.398 UTC [chaincodeCmd] checkChaincodeCmdParams -&gt; INFO 002 Using default vscc
2019-10-22 21:00:43.817 UTC [chaincodeCmd] install -&gt; INFO 003 Installed remotely response:&lt;status:200 payload:"OK" &gt;

$ CORE_PEER_ADDRESS=peer1.org1.example.com:8051 \
peer chaincode install -n mycc -v 1.0 -p github.com/chaincode/chaincode_example02/go/

2019-10-22 21:00:55.756 UTC [chaincodeCmd] checkChaincodeCmdParams -&gt; INFO 001 Using default escc
2019-10-22 21:00:55.756 UTC [chaincodeCmd] checkChaincodeCmdParams -&gt; INFO 002 Using default vscc
2019-10-22 21:00:55.905 UTC [chaincodeCmd] install -&gt; INFO 003 Installed remotely response:&lt;status:200 payload:"OK" &gt;

$ CORE_PEER_ADDRESS=peer0.org2.example.com:9051 \
CORE_PEER_LOCALMSPID="Org2MSP" \
CORE_PEER_MSPCONFIGPATH=/opt/gopath/src/github.com/hyperledger/fabric/peer/crypto/peerOrganizations/org2.example.com/users/Admin@org2.example.com/msp \
CORE_PEER_TLS_ROOTCERT_FILE=/opt/gopath/src/github.com/hyperledger/fabric/peer/crypto/peerOrganizations/org2.example.com/peers/peer0.org2.example.com/tls/ca.crt \
peer chaincode install -n mycc -v 1.0 -p github.com/chaincode/chaincode_example02/go/

2019-10-22 21:01:06.699 UTC [chaincodeCmd] checkChaincodeCmdParams -&gt; INFO 001 Using default escc
2019-10-22 21:01:06.699 UTC [chaincodeCmd] checkChaincodeCmdParams -&gt; INFO 002 Using default vscc
2019-10-22 21:01:06.845 UTC [chaincodeCmd] install -&gt; INFO 003 Installed remotely response:&lt;status:200 payload:"OK" &gt;

$ CORE_PEER_ADDRESS=peer1.org2.example.com:10051 \
CORE_PEER_LOCALMSPID="Org2MSP" \
CORE_PEER_MSPCONFIGPATH=/opt/gopath/src/github.com/hyperledger/fabric/peer/crypto/peerOrganizations/org2.example.com/users/Admin@org2.example.com/msp \
CORE_PEER_TLS_ROOTCERT_FILE=/opt/gopath/src/github.com/hyperledger/fabric/peer/crypto/peerOrganizations/org2.example.com/peers/peer1.org2.example.com/tls/ca.crt \
peer chaincode install -n mycc -v 1.0 -p github.com/chaincode/chaincode_example02/go/

2019-10-22 21:01:15.649 UTC [chaincodeCmd] checkChaincodeCmdParams -&gt; INFO 001 Using default escc
2019-10-22 21:01:15.649 UTC [chaincodeCmd] checkChaincodeCmdParams -&gt; INFO 002 Using default vscc
2019-10-22 21:01:15.803 UTC [chaincodeCmd] install -&gt; INFO 003 Installed remotely response:&lt;status:200 payload:"OK" &gt;
</code></pre></div></div>

<p>check chaindoe</p>

<div class="language-plaintext highlighter-rouge"><div class="highlight"><pre class="highlight"><code>$ peer chaincode list --installed

Name: mycc, Version: 1.0, Path: github.com/chaincode/chaincode_example02/go/, Id: 476fca1a949274001971f1ec2836cb09321f0b71268b3762d68931c93f218134
</code></pre></div></div>

<h3 id="chacincode-instantiate">ChacinCode Instantiate</h3>

<div class="language-plaintext highlighter-rouge"><div class="highlight"><pre class="highlight"><code>$ peer chaincode instantiate -o orderer.example.com:7050 --tls --cafile $ORDERER_CA -C $CHANNEL_NAME -n mycc -v 1.0 -c '{"Args":["init","a","100","b","200"]}' -P "OR ('Org1MSP.peer','Org2MSP.peer')"

2019-10-22 21:01:28.842 UTC [chaincodeCmd] checkChaincodeCmdParams -&gt; INFO 001 Using default escc
2019-10-22 21:01:28.842 UTC [chaincodeCmd] checkChaincodeCmdParams -&gt; INFO 002 Using default vscc
</code></pre></div></div>

<blockquote>
  <p>Orderer Log</p>
</blockquote>

<p><img src="https://user-images.githubusercontent.com/44635266/67332960-bb50b080-f55a-11e9-8c5d-4c66e73d8bd8.png" alt="스크린샷 2019-10-23 오전 6 02 10" /></p>

<h3 id="chaincode-query">ChainCode Query</h3>

<div class="language-plaintext highlighter-rouge"><div class="highlight"><pre class="highlight"><code>$ peer chaincode query -C $CHANNEL_NAME -n mycc -c '{"Args":["query","a"]}'
100

$ peer chaincode query -C $CHANNEL_NAME -n mycc -c '{"Args":["query","b"]}'
200
</code></pre></div></div>

<h3 id="chaincode-invoke">ChainCode Invoke</h3>
<div class="language-plaintext highlighter-rouge"><div class="highlight"><pre class="highlight"><code>$ peer chaincode invoke -o orderer.example.com:7050  --tls --cafile $ORDERER_CA  -C $CHANNEL_NAME -n mycc -c '{"Args":["invoke","a","b","10"]}'

2019-10-22 15:42:00.760 UTC [chaincodeCmd] chaincodeInvokeOrQuery -&gt; INFO 001 Chaincode invoke successful. result: status:200
</code></pre></div></div>

<blockquote>
  <p>Orderer Log</p>
</blockquote>

<p><img src="https://user-images.githubusercontent.com/44635266/67332972-be4ba100-f55a-11e9-8418-c42cc205b735.png" alt="스크린샷 2019-10-23 오전 6 02 21" /></p>

<h3 id="chaincode-query-1">ChainCode Query</h3>

<div class="language-plaintext highlighter-rouge"><div class="highlight"><pre class="highlight"><code>$ peer chaincode query -C $CHANNEL_NAME -n mycc -c '{"Args":["query","a"]}'
90

$ peer chaincode query -C $CHANNEL_NAME -n mycc -c '{"Args":["query","b"]}'
210
</code></pre></div></div>

<p>체인코드까지 정상적으로 작동했습니다. 이 포스트는 여기로 마무리하겠습니다.</p>

<p>읽어주셔서 감사합니다.</p>
:ET